// Jest Snapshot v1, https://goo.gl/fbAQLP

exports[`<Footer /> renders correctly 1`] = `
.c0 {
  margin: 1rem;
  -webkit-flex-direction: column;
  -ms-flex-direction: column;
  flex-direction: column;
  -webkit-align-items: flex-start;
  -webkit-box-align: flex-start;
  -ms-flex-align: flex-start;
  align-items: flex-start;
  display: -webkit-box;
  display: -webkit-flex;
  display: -ms-flexbox;
  display: flex;
}

.c1 {
  font-family: 'Adobe Garamond W08','adobe-garamond-pro','AGaramondPro-Regular','Times New Roman',Times,serif;
  font-size: 1.375rem;
  line-height: 2rem;
}

.c2 {
  color: #000;
  -webkit-transition: color 0.25s;
  transition: color 0.25s;
  -webkit-text-decoration: underline;
  text-decoration: underline;
}

.c2:hover {
  -webkit-text-decoration: underline;
  text-decoration: underline;
  color: #000;
}

@media screen and (min-width:768px) {
  .c1 {
    font-size: 1.625rem;
  }
}

<footer
  class="Box-sc-15se88d-0 c0"
  display="flex"
>
  <div
    class="c1 "
    font-family="'Adobe Garamond W08', 'adobe-garamond-pro', 'AGaramondPro-Regular', 'Times New Roman', Times, serif"
    font-size="1.375rem,1.625rem"
  >
    <strong>
      Andy Kenward
    </strong>
  </div>
  <a
    class="c2"
    href="https://andykenward.com"
    rel="noopener noreferrer"
    target="_blank"
  >
    <div
      class="c1 "
      font-family="'Adobe Garamond W08', 'adobe-garamond-pro', 'AGaramondPro-Regular', 'Times New Roman', Times, serif"
      font-size="1.375rem,1.625rem"
    >
      andykenward.com
    </div>
  </a>
  <a
    class="c2"
    href="https://github.com/andykenward/artsy"
    rel="noopener noreferrer"
    target="_blank"
  >
    <div
      class="c1 "
      font-family="'Adobe Garamond W08', 'adobe-garamond-pro', 'AGaramondPro-Regular', 'Times New Roman', Times, serif"
      font-size="1.375rem,1.625rem"
    >
      GitHub
    </div>
  </a>
</footer>
`;
