// Jest Snapshot v1, https://goo.gl/fbAQLP

exports[`<Header /> renders correctly 1`] = `
.c0 {
  margin: 1rem;
  -webkit-flex-direction: column;
  -ms-flex-direction: column;
  flex-direction: column;
  -webkit-align-items: flex-start;
  -webkit-box-align: flex-start;
  -ms-flex-align: flex-start;
  align-items: flex-start;
  display: -webkit-box;
  display: -webkit-flex;
  display: -ms-flexbox;
  display: flex;
}

.c2 {
  font-family: 'Adobe Garamond W08','adobe-garamond-pro','AGaramondPro-Regular','Times New Roman',Times,serif;
  font-size: 2rem;
  line-height: 2.375rem;
  display: -webkit-inline-box;
  display: -webkit-inline-flex;
  display: -ms-inline-flexbox;
  display: inline-flex;
  margin: 0;
}

.c1 {
  color: #000;
  -webkit-transition: color 0.25s;
  transition: color 0.25s;
  -webkit-text-decoration: underline;
  text-decoration: underline;
}

.c1:hover {
  -webkit-text-decoration: underline;
  text-decoration: underline;
  color: #000;
}

@media screen and (min-width:768px) {
  .c2 {
    font-size: 2.75rem;
  }
}

@media screen and (min-width:768px) {
  .c2 {
    line-height: 3.125rem;
  }
}

<header
  class="Flex-cw39ct-0 c0"
  display="flex"
>
  <a
    class="c1"
    href="https://artsy.net"
    rel="noopener noreferrer"
    target="_blank"
  >
    <h1
      class="c2 Typography-sc-1pie2ao-1"
      display="inline-flex"
      font-family="'Adobe Garamond W08', 'adobe-garamond-pro', 'AGaramondPro-Regular', 'Times New Roman', Times, serif"
      font-size="2rem,2.75rem"
    >
      Artsy.net
    </h1>
  </a>
</header>
`;
